Microchip MPLAB XC8 Compiler V2.32

Linker command line:

-W-3 --edf=C:\Program Files\Microchip\xc8\v2.32\pic\dat\en_msgs.txt -cn \
  -h+dist/default/production\Program.X.production.sym \
  --cmf=dist/default/production\Program.X.production.cmf -z -Q16F877A \
  -oC:\Users\COKOGH~1\AppData\Local\Temp\xcAs6ss.4 --defsym=__MPLAB_BUILD=1 \
  -Mdist/default/production/Program.X.production.map -E1 -ver=XC8 Compiler \
  --acfsm=1493 -ASTACK=0110h-016Fh -pstack=STACK -ACODE=00h-07FFhx4 \
  -ASTRCODE=00h-01FFFh -ASTRING=00h-0FFhx32 -ACONST=00h-0FFhx32 \
  -AENTRY=00h-0FFhx32 -ACOMMON=070h-07Fh -ABANK0=020h-06Fh \
  -ABANK1=0A0h-0EFh -ABANK2=0110h-016Fh -ABANK3=0190h-01EFh \
  -ARAM=020h-06Fh,0A0h-0EFh,0110h-016Fh,0190h-01EFh \
  -AABS1=020h-07Fh,0A0h-0EFh,0110h-016Fh,0190h-01EFh -ASFR0=00h-01Fh \
  -ASFR1=080h-09Fh -ASFR2=0100h-010Fh -ASFR3=0180h-018Fh \
  -ACONFIG=02007h-02007h -DCONFIG=2 -AIDLOC=02000h-02003h -DIDLOC=2 \
  -AEEDATA=00h-0FFh/02100h -peeprom_data=EEDATA -DEEDATA=2 -DCODE=2 \
  -DSTRCODE=2 -DSTRING=2 -DCONST=2 -DENTRY=2 \
  -preset_vec=00h,intentry,init,end_init -ppowerup=CODE -pcinit=CODE \
  -pfunctab=ENTRY -k C:\Users\COKOGH~1\AppData\Local\Temp\xcAs6ss.o \
  dist/default/production\Program.X.production.o 

Object code version is 3.11

Machine type is 16F877A



                Name                               Link     Load   Length Selector   Space Scale
C:\Users\COKOGH~1\AppData\Local\Temp\xcAs6ss.o
                end_init                              0        0        3        0       0
dist/default/production\Program.X.production.o
                cinit                               7FC      7FC        4      FF8       0
                text16                              658      658      1A4      CB0       0
                text15                              24D      24D       15      49A       0
                text14                              231      231        C      462       0
                text13                              277      277       19      4EE       0
                text12                              2FD      2FD       2C      5FA       0
                text11                              4B2      4B2       90      964       0
                text10                              2AF      2AF       25      55E       0
                text9                               329      329       2C      652       0
                text8                               3D2      3D2       67      7A4       0
                text7                               262      262       15      4C4       0
                text6                               387      387       4B      70E       0
                text5                               23D      23D       10      47A       0
                text4                               290      290       1F      520       0
                text3                               2D4      2D4       29      5A8       0
                text2                               355      355       32      6AA       0
                text1                               439      439       79      872       0
                maintext                            542      542      116      A84       0
                cstackBANK0                          20       20        D       20       1
                cstackCOMMON                         70       70        D       70       1
                strings                               3        3       21        6       0

TOTAL           Name                               Link     Load   Length     Space
        CLASS   STACK          

        CLASS   CODE           
                end_init                              0        0        3         0
                cinit                               7FC      7FC        4         0
                text16                              658      658      1A4         0
                text15                              24D      24D       15         0
                text14                              231      231        C         0
                text13                              277      277       19         0
                text12                              2FD      2FD       2C         0
                text11                              4B2      4B2       90         0
                text10                              2AF      2AF       25         0
                text9                               329      329       2C         0
                text8                               3D2      3D2       67         0
                text7                               262      262       15         0
                text6                               387      387       4B         0
                text5                               23D      23D       10         0
                text4                               290      290       1F         0
                text3                               2D4      2D4       29         0
                text2                               355      355       32         0
                text1                               439      439       79         0
                maintext                            542      542      116         0

        CLASS   STRCODE        

        CLASS   STRING         
                strings                               3        3       21         0

        CLASS   CONST          

        CLASS   ENTRY          

        CLASS   COMMON         
                cstackCOMMON                         70       70        D         1

        CLASS   BANK0          
                cstackBANK0                          20       20        D         1

        CLASS   BANK1          

        CLASS   BANK2          

        CLASS   BANK3          

        CLASS   RAM            

        CLASS   ABS1           
                abs_s1                               7E       7E        2         1

        CLASS   SFR0           

        CLASS   SFR1           

        CLASS   SFR2           

        CLASS   SFR3           

        CLASS   CONFIG         

        CLASS   IDLOC          

        CLASS   EEDATA         



SEGMENTS        Name                           Load    Length   Top    Selector   Space  Class     Delta

                reset_vec                      000000  000003  000003         0       0  CODE        2
                strings                        000003  000021  000024         6       0  STRING      2
                cstackBANK0                    000020  00000D  00002D        20       1  BANK0       1
                cstackCOMMON                   000070  00000D  00007D        70       1  COMMON      1
                text14                         000231  00000C  00023D       462       0  CODE        2
                text5                          00023D  000010  00024D       47A       0  CODE        2
                text15                         00024D  000015  000262       49A       0  CODE        2
                text7                          000262  000015  000277       4C4       0  CODE        2
                text13                         000277  000019  000290       4EE       0  CODE        2
                text4                          000290  00001F  0002AF       520       0  CODE        2
                text10                         0002AF  000025  0002D4       55E       0  CODE        2
                text3                          0002D4  000029  0002FD       5A8       0  CODE        2
                text12                         0002FD  00002C  000329       5FA       0  CODE        2
                text9                          000329  00002C  000355       652       0  CODE        2
                text2                          000355  000032  000387       6AA       0  CODE        2
                text6                          000387  00004B  0003D2       70E       0  CODE        2
                text8                          0003D2  000067  000439       7A4       0  CODE        2
                text1                          000439  000079  0004B2       872       0  CODE        2
                text11                         0004B2  000090  000542       964       0  CODE        2
                maintext                       000542  000116  000658       A84       0  CODE        2
                text16                         000658  0001A4  0007FC       CB0       0  CODE        2
                cinit                          0007FC  000004  000800       FF8       0  CODE        2


UNUSED ADDRESS RANGES

        Name                Unused          Largest block    Delta
        BANK0            002D-006F             43           1
        BANK1            00A0-00EF             50           1
        BANK2            0110-016F             60           1
        BANK3            0190-01EF             60           1
        CODE             0024-0230            20D           2
                         0800-1FFF            800
        COMMON           007D-007D              1           1
        CONFIG           2007-2007              1           2
        CONST            0024-0230            100           2
                         0800-1FFF            100
        EEDATA           2100-21FF            100           2
        ENTRY            0024-0230            100           2
                         0800-1FFF            100
        IDLOC            2000-2003              4           2
        RAM              002D-006F             43           1
                         00A0-00EF             50
                         0110-016F             60
                         0190-01EF             60
        SFR0             0000-001F             20           1
        SFR1             0080-009F             20           1
        SFR2             0100-010F             10           1
        SFR3             0180-018F             10           1
        STACK            0110-016F             60           1
        STRCODE          0024-0230            20D           2
                         0800-1FFF           1800
        STRING           0024-0230            100           2
                         0800-1FFF            100

                                  Symbol Table

?___awdiv                   cstackCOMMON 0070
?___wmul                    cstackCOMMON 0070
?_get_num                   cstackCOMMON 0079
DispError@numb              cstackCOMMON 0077
GetKey@key                  cstackCOMMON 0074
WriteCommandToLCD@Command   cstackCOMMON 0074
WriteDataToLCD@LCDChar      cstackCOMMON 0074
WriteStringToLCD@s          cstackCOMMON 0076
_ClearLCDScreen             text5        023D
_DispError                  text3        02D4
_GetKey                     text15       024D
_InitKeypad                 text14       0231
_InitLCD                    text11       04B2
_OPTION_REG                 (abs)        0081
_PORTB                      (abs)        0006
_PORTD                      (abs)        0008
_RB0                        (abs)        0030
_RB1                        (abs)        0031
_RB2                        (abs)        0032
_RB3                        (abs)        0033
_RB4                        (abs)        0034
_RB5                        (abs)        0035
_RB6                        (abs)        0036
_RB7                        (abs)        0037
_RD0                        (abs)        0040
_RD1                        (abs)        0041
_RD4                        (abs)        0044
_RD5                        (abs)        0045
_RD6                        (abs)        0046
_RD7                        (abs)        0047
_READ_SWITCHES              text16       0658
_TRISB                      (abs)        0086
_TRISD0                     (abs)        0440
_TRISD1                     (abs)        0441
_TRISD4                     (abs)        0444
_TRISD5                     (abs)        0445
_TRISD6                     (abs)        0446
_TRISD7                     (abs)        0447
_ToggleEpinOfLCD            text13       0277
_WriteCommandToLCD          text12       02FD
_WriteDataToLCD             text9        0329
_WriteStringToLCD           text4        0290
__Habs1                     abs1         0000
__Hbank0                    bank0        0000
__Hbank1                    bank1        0000
__Hbank2                    bank2        0000
__Hbank3                    bank3        0000
__Hcinit                    cinit        0800
__Hclrtext                  clrtext      0000
__Hcode                     code         0000
__Hcommon                   common       0000
__HcstackBANK0              cstackBANK0  0000
__HcstackCOMMON             cstackCOMMON 0000
__Heeprom_data              eeprom_data  0000
__Hend_init                 end_init     0003
__Hfunctab                  functab      0000
__Hinit                     init         0000
__Hintentry                 intentry     0000
__Hmaintext                 maintext     0000
__Hpowerup                  powerup      0000
__Hram                      ram          0000
__Hreset_vec                reset_vec    0000
__Hsfr0                     sfr0         0000
__Hsfr1                     sfr1         0000
__Hsfr2                     sfr2         0000
__Hsfr3                     sfr3         0000
__Hspace_0                  (abs)        0800
__Hspace_1                  (abs)        007D
__Hspace_2                  (abs)        0000
__Hspace_3                  (abs)        0000
__Hstack                    stack        0000
__Hstrings                  strings      0000
__Htext                     text         0000
__Labs1                     abs1         0000
__Lbank0                    bank0        0000
__Lbank1                    bank1        0000
__Lbank2                    bank2        0000
__Lbank3                    bank3        0000
__Lcinit                    cinit        07FC
__Lclrtext                  clrtext      0000
__Lcode                     code         0000
__Lcommon                   common       0000
__LcstackBANK0              cstackBANK0  0000
__LcstackCOMMON             cstackCOMMON 0000
__Leeprom_data              eeprom_data  0000
__Lend_init                 end_init     0000
__Lfunctab                  functab      0000
__Linit                     init         0000
__Lintentry                 intentry     0000
__Lmaintext                 maintext     0000
__Lpowerup                  powerup      0000
__Lram                      ram          0000
__Lreset_vec                reset_vec    0000
__Lsfr0                     sfr0         0000
__Lsfr1                     sfr1         0000
__Lsfr2                     sfr2         0000
__Lsfr3                     sfr3         0000
__Lspace_0                  (abs)        0000
__Lspace_1                  (abs)        0000
__Lspace_2                  (abs)        0000
__Lspace_3                  (abs)        0000
__Lstack                    stack        0000
__Lstrings                  strings      0000
__Ltext                     text         0000
__S0                        (abs)        0800
__S1                        (abs)        007D
__S2                        (abs)        0000
__S3                        (abs)        0000
___awdiv                    text8        03D2
___awdiv@counter            cstackCOMMON 0075
___awdiv@dividend           cstackCOMMON 0072
___awdiv@divisor            cstackCOMMON 0070
___awdiv@quotient           cstackCOMMON 0077
___awdiv@sign               cstackCOMMON 0076
___bmul                     text7        0262
___bmul@multiplicand        cstackCOMMON 0070
___bmul@multiplier          cstackCOMMON 0073
___bmul@product             cstackCOMMON 0072
___int_sp                   stack        0000
___latbits                  (abs)        0002
___sp                       stack        0000
___stackhi                  (abs)        0000
___stacklo                  (abs)        0000
___wmul                     text10       02AF
___wmul@multiplicand        cstackCOMMON 0072
___wmul@multiplier          cstackCOMMON 0070
___wmul@product             cstackCOMMON 0074
__end_of_ClearLCDScreen     text5        024D
__end_of_DispError          text3        02FD
__end_of_GetKey             text15       0262
__end_of_InitKeypad         text14       023D
__end_of_InitLCD            text11       0542
__end_of_READ_SWITCHES      text16       07FC
__end_of_ToggleEpinOfLCD    text13       0290
__end_of_WriteCommandToLCD  text12       0329
__end_of_WriteDataToLCD     text9        0355
__end_of_WriteStringToLCD   text4        02AF
__end_of___awdiv            text8        0439
__end_of___bmul             text7        0277
__end_of___wmul             text10       02D4
__end_of__initialization    cinit        07FC
__end_of__stringtab         strings      0009
__end_of_disp_num           text6        03D2
__end_of_get_func           text2        0387
__end_of_get_num            text1        04B2
__end_of_main               maintext     0658
__initialization            cinit        07FC
__pcstackBANK0              cstackBANK0  0020
__pcstackCOMMON             cstackCOMMON 0070
__pmaintext                 maintext     0542
__pstrings                  strings      0003
__ptext1                    text1        0439
__ptext10                   text10       02AF
__ptext11                   text11       04B2
__ptext12                   text12       02FD
__ptext13                   text13       0277
__ptext14                   text14       0231
__ptext15                   text15       024D
__ptext16                   text16       0658
__ptext2                    text2        0355
__ptext3                    text3        02D4
__ptext4                    text4        0290
__ptext5                    text5        023D
__ptext6                    text6        0387
__ptext7                    text7        0262
__ptext8                    text8        03D2
__ptext9                    text9        0329
__size_of_ClearLCDScreen    (abs)        0000
__size_of_DispError         (abs)        0000
__size_of_GetKey            (abs)        0000
__size_of_InitKeypad        (abs)        0000
__size_of_InitLCD           (abs)        0000
__size_of_READ_SWITCHES     (abs)        0000
__size_of_ToggleEpinOfLCD   (abs)        0000
__size_of_WriteCommandToLCD (abs)        0000
__size_of_WriteDataToLCD    (abs)        0000
__size_of_WriteStringToLCD  (abs)        0000
__size_of___awdiv           (abs)        0000
__size_of___bmul            (abs)        0000
__size_of___wmul            (abs)        0000
__size_of_disp_num          (abs)        0000
__size_of_get_func          (abs)        0000
__size_of_get_num           (abs)        0000
__size_of_main              (abs)        0000
__stringbase                strings      0008
__stringtab                 strings      0003
_disp_num                   text6        0387
_get_func                   text2        0355
_get_num                    text1        0439
_main                       maintext     0542
_main$741                   cstackBANK0  0025
btemp                       (abs)        007E
disp_num@TenthDigit         cstackBANK0  0021
disp_num@UnitDigit          cstackBANK0  0020
disp_num@numb               cstackCOMMON 0079
end_of_initialization       cinit        07FC
get_func@chf                cstackCOMMON 0079
get_num@ch                  cstackBANK0  0020
get_num@num                 cstackBANK0  0021
intlevel0                   functab      0000
intlevel1                   functab      0000
intlevel2                   functab      0000
intlevel3                   functab      0000
intlevel4                   functab      0000
intlevel5                   functab      0000
main@func                   cstackBANK0  0027
main@key                    cstackBANK0  002C
main@num1                   cstackBANK0  0028
main@num2                   cstackBANK0  002A
nosup@@$_$_CONFIG           (abs)        0000
reset_vec                   reset_vec    0000
start                       init         0000
start_initialization        cinit        07FC
wtemp0                      (abs)        007E


MODULE INFORMATION

Module		Function		Class		Link	Load	Size
C:\Program Files\Microchip\xc8\v2.32\pic\sources\c90\common\Umul8.c
		___bmul        		CODE           	0262	0000	21

C:\Program Files\Microchip\xc8\v2.32\pic\sources\c90\common\Umul8.c estimated size: 21

shared
		__stringtab    		STRING         	0003	0000	6
		__initialization		CODE           	07FC	0000	1

shared estimated size: 7

C:\Program Files\Microchip\xc8\v2.32\pic\sources\c90\common\awdiv.c
		___awdiv       		CODE           	03D2	0000	103

C:\Program Files\Microchip\xc8\v2.32\pic\sources\c90\common\awdiv.c estimated size: 103

C:\Program Files\Microchip\xc8\v2.32\pic\sources\c90\common\Umul16.c
		___wmul        		CODE           	02AF	0000	37

C:\Program Files\Microchip\xc8\v2.32\pic\sources\c90\common\Umul16.c estimated size: 37

main.c
		_DispError     		CODE           	02D4	0000	41
		_WriteCommandToLCD		CODE           	02FD	0000	44
		_main          		CODE           	0542	0000	278
		_GetKey        		CODE           	024D	0000	21
		_WriteStringToLCD		CODE           	0290	0000	31
		_InitLCD       		CODE           	04B2	0000	144
		_InitKeypad    		CODE           	0231	0000	12
		_WriteDataToLCD		CODE           	0329	0000	44
		_disp_num      		CODE           	0387	0000	75
		_get_num       		CODE           	0439	0000	121
		_ToggleEpinOfLCD		CODE           	0277	0000	25
		_ClearLCDScreen		CODE           	023D	0000	16
		_READ_SWITCHES 		CODE           	0658	0000	420
		_get_func      		CODE           	0355	0000	50

main.c estimated size: 1322

